:exitcode 1
:stdout
Error: Failed to open 'tests/sources/nonexistant-file': no such file or directory
Try 'ahd.bqn --help' for more information
:stderr
