:exitcode 1
:stdout
Error: Unknown option '--unknown'
Try 'ahd.bqn --help' for more information
:stderr
