:exitcode 1
:stdout
Error: Unknown language 'unsupported' specified with --code-generator
Try 'ahd.bqn --help' for more information
:stderr
